// Jest Snapshot v1, https://goo.gl/fbAQLP

exports[`should render main book view 1`] = `ShallowWrapper {}`;
